Microchip MPLAB XC8 Compiler V2.46

Linker command line:

-W-3 \
  --edf=C:/Users/Nayyar/.mchp_packs/Microchip/PIC18F-Q_DFP/1.25.433/xc8\pic\dat\20240223164052_en.msgs \
  -cn -h+dist/default/production\Uart_test3.X.production.sym \
  --cmf=dist/default/production\Uart_test3.X.production.cmf -z -Q18F27Q10 \
  -oC:\Users\Nayyar\AppData\Local\Temp\xcAs10.\driver_tmp_3.o \
  --defsym=__MPLAB_BUILD=1 --fixupoverflow=error \
  -Mdist/default/production/Uart_test3.X.production.map \
  --md=C:\Users\Nayyar\AppData\Local\Temp\xcAs10.\driver_tmp_0.dat -E1 \
  -ver=XC8 Compiler --acfsm=1493 -ACODE=00h-01FFFFh -ACONST=00h-01FFFFh \
  -ASMALLCONST=0F00h-0FFFhx497 -AMEDIUMCONST=0F00h-0FFFFh,010F00h-01FFFFh \
  -ACOMRAM=01h-05Fh -AABS1=00h-0CFFh,0E00h-0E1Eh \
  -ABIGRAM=01h-0CFFh,0E00h-0E1Eh -ARAM=060h-0FFh,0100h-01FFhx12,0E00h-0E1Eh \
  -ABANK0=060h-0FFh -ABANK1=0100h-01FFh -ABANK2=0200h-02FFh \
  -ABANK3=0300h-03FFh -ABANK4=0400h-04FFh -ABANK5=0500h-05FFh \
  -ABANK6=0600h-06FFh -ABANK7=0700h-07FFh -ABANK8=0800h-08FFh \
  -ABANK9=0900h-09FFh -ABANK10=0A00h-0AFFh -ABANK11=0B00h-0BFFh \
  -ABANK12=0C00h-0CFFh -ABANK14=0E00h-0E1Eh \
  -ASFR=0D00h-0DFFh,0E1Fh-0EFFh,0F00h-0F5Fh,0F60h-0FFFh \
  -ABIGSFR=0D00h-0DFFh,0E1Fh-0FFFh -ACONFIG=0300000h-030000Bh \
  -AIDLOC=0200000h-02000FFh -AEEDATA=0310000h-03103FFh -peeprom_data=EEDATA \
  -preset_vec=00h,intcode=8h,intcodelo,powerup,init -pramtop=0F00h \
  -psmallconst=SMALLCONST -pmediumconst=MEDIUMCONST -pconst=CONST \
  -AFARRAM=00h-00h \
  -prdata=COMRAM,nvrram=COMRAM,nvbit=COMRAM,rbss=COMRAM,rbit=COMRAM \
  -pfarbss=FARRAM,fardata=FARRAM,nvFARRAM=FARRAM \
  -pintsave_regs=BIGRAM,bigbss=BIGRAM,bigdata=BIGRAM -pbss=RAM \
  -pidata=CODE,irdata=CODE,ibigdata=CODE,ifardata=CODE -prparam=COMRAM \
  C:\Users\Nayyar\AppData\Local\Temp\xcAs10.\driver_tmp_14.o \
  dist/default/production\Uart_test3.X.production.o 

Object code version is 3.11

Machine type is 18F27Q10



                Name                               Link     Load   Length Selector   Space Scale
C:\Users\Nayyar\AppData\Local\Temp\xcAs10.\driver_tmp_14.o
                config                           300000   300000        C        0       4
                init                                160      160        4        4       0
                reset_vec                             0        0        4        0       0
dist/default/production\Uart_test3.X.production.o
                intcode                               8        8      158        4       0
                config                           300000   300000        C        0       4
                temp                                 54       54        1        1       1
                smallconst                          F00      F00       DC      780       0
                text50                             2026     2026        2      7EE       0
                text49                             2024     2024        2      7EE       0
                text48                             2006     2006        8      7EE       0
                text47                             201A     201A        6      7EE       0
                text46                             2014     2014        6      7EE       0
                text45                             200E     200E        6      7EE       0
                text44                             152E     152E      11A      7EE       0
                text43                             1E2E     1E2E       32      7EE       0
                text42                             1410     1410      11E      7EE       0
                text41                             1DFA     1DFA       34      7EE       0
                text40                             2022     2022        2      7EE       0
                text38                             1F0A     1F0A       22      7EE       0
                text37                             1EE8     1EE8       22      7EE       0
                text36                             1FB2     1FB2       16      7EE       0
                text35                             1C24     1C24       4E      7EE       0
                text34                             1FC8     1FC8       14      7EE       0
                text33                             1F9C     1F9C       16      7EE       0
                text32                             1CBA     1CBA       48      7EE       0
                text31                             1B2E     1B2E       58      7EE       0
                text30                             1F86     1F86       16      7EE       0
                text29                             1F70     1F70       16      7EE       0
                text28                             1C72     1C72       48      7EE       0
                text27                             1874     1874       8A      7EE       0
                text26                             1B86     1B86       50      7EE       0
                text25                             1DC2     1DC2       38      7EE       0
                text24                             2020     2020        2      7EE       0
                text23                             1732     1732       AA      7EE       0
                text22                              FDC      FDC      1A4      7EE       0
                text21                             1D48     1D48       42      7EE       0
                text20                             1D8A     1D8A       38      7EE       0
                text19                             1A70     1A70       66      7EE       0
                text18                             1180     1180      16A      7EE       0
                text17                             1F5A     1F5A       16      7EE       0
                text16                             1BD6     1BD6       4E      7EE       0
                text15                             1AD6     1AD6       58      7EE       0
                text14                             12EA     12EA      126      7EE       0
                text13                             1F2C     1F2C       18      7EE       0
                text12                             1EC6     1EC6       22      7EE       0
                text11                             1EA4     1EA4       22      7EE       0
                text10                             18FE     18FE       80      7EE       0
                text9                              1E82     1E82       22      7EE       0
                text8                              1E60     1E60       22      7EE       0
                text7                              197E     197E       7C      7EE       0
                text6                              1FF8     1FF8        E      7EE       0
                text5                              1FEA     1FEA        E      7EE       0
                text4                              1FDC     1FDC        E      7EE       0
                text3                              1D02     1D02       46      7EE       0
                text2                              17DC     17DC       98      7EE       0
                text1                              1F44     1F44       16      7EE       0
                text0                              1648     1648       EA      7EE       0
                cstackCOMRAM                         33       33       21        1       1
                cstackBANK0                          60       60       72       60       1
                bssBANK5                            500      500      100      500       1
                bssBANK4                            400      400       C8      400       1
                bssBANK3                            300      300      100      300       1
                bssBANK2                            200      200      100      200       1
                bssBANK1                            100      100       E8      100       1
                bssBANK0                             D2       D2       1E       60       1
                bssCOMRAM                             1        1       32        1       1
                cinit                              19FA     19FA       76      7EE       0
                nvBANK0                              F0       F0        6       60       1

TOTAL           Name                               Link     Load   Length     Space
        CLASS   CODE           
                intcode                               8        8      158         0
                init                                160      160        4         0
                reset_vec                             0        0        4         0
                text50                             2026     2026        2         0
                text49                             2024     2024        2         0
                text48                             2006     2006        8         0
                text47                             201A     201A        6         0
                text46                             2014     2014        6         0
                text45                             200E     200E        6         0
                text44                             152E     152E      11A         0
                text43                             1E2E     1E2E       32         0
                text42                             1410     1410      11E         0
                text41                             1DFA     1DFA       34         0
                text40                             2022     2022        2         0
                text38                             1F0A     1F0A       22         0
                text37                             1EE8     1EE8       22         0
                text36                             1FB2     1FB2       16         0
                text35                             1C24     1C24       4E         0
                text34                             1FC8     1FC8       14         0
                text33                             1F9C     1F9C       16         0
                text32                             1CBA     1CBA       48         0
                text31                             1B2E     1B2E       58         0
                text30                             1F86     1F86       16         0
                text29                             1F70     1F70       16         0
                text28                             1C72     1C72       48         0
                text27                             1874     1874       8A         0
                text26                             1B86     1B86       50         0
                text25                             1DC2     1DC2       38         0
                text24                             2020     2020        2         0
                text23                             1732     1732       AA         0
                text22                              FDC      FDC      1A4         0
                text21                             1D48     1D48       42         0
                text20                             1D8A     1D8A       38         0
                text19                             1A70     1A70       66         0
                text18                             1180     1180      16A         0
                text17                             1F5A     1F5A       16         0
                text16                             1BD6     1BD6       4E         0
                text15                             1AD6     1AD6       58         0
                text14                             12EA     12EA      126         0
                text13                             1F2C     1F2C       18         0
                text12                             1EC6     1EC6       22         0
                text11                             1EA4     1EA4       22         0
                text10                             18FE     18FE       80         0
                text9                              1E82     1E82       22         0
                text8                              1E60     1E60       22         0
                text7                              197E     197E       7C         0
                text6                              1FF8     1FF8        E         0
                text5                              1FEA     1FEA        E         0
                text4                              1FDC     1FDC        E         0
                text3                              1D02     1D02       46         0
                text2                              17DC     17DC       98         0
                text1                              1F44     1F44       16         0
                text0                              1648     1648       EA         0
                cinit                              19FA     19FA       76         0

        CLASS   CONST          

        CLASS   SMALLCONST     
                smallconst                          F00      F00       DC         0

        CLASS   MEDIUMCONST    

        CLASS   COMRAM         
                temp                                 54       54        1         1
                cstackCOMRAM                         33       33       21         1
                bssCOMRAM                             1        1       32         1

        CLASS   ABS1           

        CLASS   BIGRAM         

        CLASS   RAM            

        CLASS   BANK0          
                cstackBANK0                          60       60       72         1
                bssBANK0                             D2       D2       1E         1
                nvBANK0                              F0       F0        6         1

        CLASS   BANK1          
                bssBANK1                            100      100       E8         1

        CLASS   BANK2          
                bssBANK2                            200      200      100         1

        CLASS   BANK3          
                bssBANK3                            300      300      100         1

        CLASS   BANK4          
                bssBANK4                            400      400       C8         1

        CLASS   BANK5          
                bssBANK5                            500      500      100         1

        CLASS   BANK6          

        CLASS   BANK7          

        CLASS   BANK8          

        CLASS   BANK9          

        CLASS   BANK10         

        CLASS   BANK11         

        CLASS   BANK12         

        CLASS   BANK14         

        CLASS   SFR            

        CLASS   BIGSFR         

        CLASS   CONFIG         
                config                           300000   300000        C         4

        CLASS   IDLOC          

        CLASS   EEDATA         

        CLASS   FARRAM         

        CLASS   HEAP           

        CLASS   STACK          



SEGMENTS        Name                           Load    Length   Top    Selector   Space  Class

                reset_vec                      000000  000004  000004         0       0  CODE    
                bssCOMRAM                      000001  000054  000055         1       1  COMRAM  
                intcode                        000008  00015C  000164         4       0  CODE    
                cstackBANK0                    000060  000096  0000F6        60       1  BANK0   
                bssBANK1                       000100  0000E8  0001E8       100       1  BANK1   
                bssBANK2                       000200  000100  000300       200       1  BANK2   
                bssBANK3                       000300  000100  000400       300       1  BANK3   
                bssBANK4                       000400  0000C8  0004C8       400       1  BANK4   
                bssBANK5                       000500  000100  000600       500       1  BANK5   
                smallconst                     000F00  0000DC  000FDC       780       0  SMALLCON
                text22                         000FDC  00104C  002028       7EE       0  CODE    


UNUSED ADDRESS RANGES

        Name                Unused          Largest block    Delta
        BANK0            0000F6-0000FF                A
        BANK1            0001E8-0001FF               18
        BANK10           000A00-000AFF              100
        BANK11           000B00-000BFF              100
        BANK12           000C00-000CFF              100
        BANK14           000E00-000E1E               1F
        BANK4            0004C8-0004FF               38
        BANK6            000600-0006FF              100
        BANK7            000700-0007FF              100
        BANK8            000800-0008FF              100
        BANK9            000900-0009FF              100
        BIGRAM           000055-00005F                B
                         0000F6-0000FF                A
                         0001E8-0001FF               18
                         0004C8-0004FF               38
                         000600-000CFF              700
                         000E00-000E1E               1F
        BIGSFR           000D00-000DFF              100
                         000E1F-000FFF              1E1
        CODE             000004-000007                4
                         000164-000EFF              D9C
                         002028-01FFFF            1DFD8
        COMRAM           000055-00005F                B
        CONST            000004-000007                4
                         000164-000EFF              D9C
                         002028-01FFFF            1DFD8
        EEDATA           310000-3103FF              400
        IDLOC            200000-2000FF              100
        MEDIUMCONST      002028-00FFFF             DFD8
                         010F00-01FFFF             F100
        RAM              0000F6-0000FF                A
                         0001E8-0001FF               18
                         0004C8-0004FF               38
                         000600-000CFF              100
                         000E00-000E1E               1F
        SFR              000D00-000DFF              100
                         000E1F-000FFF               E1
        SMALLCONST       002028-01FFFF              100

                                  Symbol Table

?_sprintf                                            cstackCOMRAM 00004E
?_vfprintf                                           cstackCOMRAM 00004A
EUSART1_FramingErrorCallbackRegister@callbackHandler cstackCOMRAM 00003B
EUSART1_OverrunErrorCallbackRegister@callbackHandler cstackCOMRAM 00003B
EUSART1_Read@readValue                               cstackCOMRAM 00003C
EUSART1_Read@tempRxTail                              cstackCOMRAM 00003B
EUSART1_ReceiveISR@regValue                          cstackCOMRAM 000033
EUSART1_ReceiveISR@tempRxHead                        cstackCOMRAM 000034
EUSART1_RxCompleteCallbackRegister@callbackHandler   cstackCOMRAM 00003B
EUSART1_TransmitISR@tempTxTail                       cstackCOMRAM 000033
EUSART1_Write@tempTxHead                             cstackCOMRAM 00003B
EUSART1_Write@txData                                 cstackCOMRAM 00003C
EUSART2_FramingErrorCallbackRegister@callbackHandler cstackCOMRAM 00003B
EUSART2_OverrunErrorCallbackRegister@callbackHandler cstackCOMRAM 00003B
EUSART2_Read@readValue                               cstackCOMRAM 00003C
EUSART2_Read@tempRxTail                              cstackCOMRAM 00003B
EUSART2_ReceiveISR@regValue                          cstackCOMRAM 000033
EUSART2_ReceiveISR@tempRxHead                        cstackCOMRAM 000034
EUSART2_RxCompleteCallbackRegister@callbackHandler   cstackCOMRAM 00003B
EUSART2_TransmitISR@tempTxTail                       cstackCOMRAM 000033
EUSART2_Write@tempTxHead                             cstackCOMRAM 00003B
EUSART2_Write@txData                                 cstackCOMRAM 00003C
INT0_SetInterruptHandler@InterruptHandler            cstackCOMRAM 00003B
INT1_SetInterruptHandler@InterruptHandler            cstackCOMRAM 00003B
INT2_SetInterruptHandler@InterruptHandler            cstackCOMRAM 00003B
ProcessDebugDataUART2@Debug_Buff                     cstackBANK0  00006D
ProcessDebugDataUART2@newChar                        cstackBANK0  0000D1
ProcessRadioDataUART1@Radio_Buff                     cstackBANK0  000060
ProcessRadioDataUART1@newChar                        cstackBANK0  0000C4
UART1_sendString@str                                 cstackCOMRAM 00003D
UART2_sendString@str                                 cstackCOMRAM 00003D
_ANSELA                                              (abs)        000F0C
_ANSELB                                              (abs)        000F14
_ANSELC                                              (abs)        000F1C
_BAUD1CON                                            (abs)        000F9E
_BAUD1CONbits                                        (abs)        000F9E
_BAUD2CON                                            (abs)        000E9A
_BAUD2CONbits                                        (abs)        000E9A
_CLOCK_Initialize                                    text13       001F2C
_EUSART1_AutoBaudQuery                               (abs)        000000
_EUSART1_AutoBaudSet                                 (abs)        000000
_EUSART1_DefaultFramingErrorCallback                 text49       002024
_EUSART1_DefaultOverrunErrorCallback                 text47       00201A
_EUSART1_Deinitialize                                (abs)        000000
_EUSART1_ErrorGet                                    (abs)        000000
_EUSART1_FramingErrorCallbackRegister                text12       001EC6
_EUSART1_FramingErrorHandler                         bssCOMRAM    00000D
_EUSART1_Initialize                                  text10       0018FE
_EUSART1_IsRxReady                                   text17       001F5A
_EUSART1_IsTxDone                                    text34       001FC8
_EUSART1_IsTxReady                                   text33       001F9C
_EUSART1_OverrunErrorCallbackRegister                text11       001EA4
_EUSART1_OverrunErrorHandler                         bssCOMRAM    00000A
_EUSART1_Read                                        text16       001BD6
_EUSART1_ReceiveISR                                  text44       00152E
_EUSART1_RxCompleteCallbackRegister                  text37       001EE8
_EUSART1_RxCompleteInterruptHandler                  bssCOMRAM    000010
_EUSART1_RxInterruptHandler                          nvBANK0      0000F0
_EUSART1_TransmitDisable                             (abs)        000000
_EUSART1_TransmitEnable                              (abs)        000000
_EUSART1_TransmitISR                                 text43       001E2E
_EUSART1_TxCompleteCallbackRegister                  (abs)        000000
_EUSART1_TxCompleteInterruptHandler                  bssBANK0     0000E2
_EUSART1_TxInterruptHandler                          nvBANK0      0000F3
_EUSART1_Write                                       text32       001CBA
_EUSART2_AutoBaudQuery                               (abs)        000000
_EUSART2_AutoBaudSet                                 (abs)        000000
_EUSART2_DefaultFramingErrorCallback                 text50       002026
_EUSART2_DefaultOverrunErrorCallback                 text48       002006
_EUSART2_Deinitialize                                (abs)        000000
_EUSART2_ErrorGet                                    (abs)        000000
_EUSART2_FramingErrorCallbackRegister                text9        001E82
_EUSART2_FramingErrorHandler                         bssCOMRAM    000016
_EUSART2_Initialize                                  text7        00197E
_EUSART2_IsRxReady                                   text36       001FB2
_EUSART2_IsTxDone                                    text30       001F86
_EUSART2_IsTxReady                                   text29       001F70
_EUSART2_OverrunErrorCallbackRegister                text8        001E60
_EUSART2_OverrunErrorHandler                         bssCOMRAM    000013
_EUSART2_Read                                        text35       001C24
_EUSART2_ReceiveISR                                  text42       001410
_EUSART2_RxCompleteCallbackRegister                  text38       001F0A
_EUSART2_RxCompleteInterruptHandler                  bssCOMRAM    000019
_EUSART2_RxInterruptHandler                          bssBANK0     0000E5
_EUSART2_TransmitDisable                             (abs)        000000
_EUSART2_TransmitEnable                              (abs)        000000
_EUSART2_TransmitISR                                 text41       001DFA
_EUSART2_TxCompleteCallbackRegister                  (abs)        000000
_EUSART2_TxCompleteInterruptHandler                  bssCOMRAM    00001C
_EUSART2_TxInterruptHandler                          bssCOMRAM    00001F
_EUSART2_Write                                       text28       001C72
_INLVLA                                              (abs)        000F08
_INLVLB                                              (abs)        000F10
_INLVLC                                              (abs)        000F18
_INLVLE                                              (abs)        000F25
_INT0_DefaultInterruptHandler                        (abs)        000000
_INT0_InterruptHandler                               bssCOMRAM    000007
_INT0_SetInterruptHandler                            text6        001FF8
_INT1_DefaultInterruptHandler                        (abs)        000000
_INT1_InterruptHandler                               bssCOMRAM    000004
_INT1_SetInterruptHandler                            text5        001FEA
_INT2_DefaultInterruptHandler                        (abs)        000000
_INT2_InterruptHandler                               bssCOMRAM    000001
_INT2_SetInterruptHandler                            text4        001FDC
_INTCONbits                                          (abs)        000FF2
_INTERRUPT_Initialize                                text3        001D02
_INTERRUPT_InterruptManager                          intcode      000008
_IOCAF                                               (abs)        000F05
_IOCAN                                               (abs)        000F06
_IOCAP                                               (abs)        000F07
_IOCBF                                               (abs)        000F0D
_IOCBN                                               (abs)        000F0E
_IOCBP                                               (abs)        000F0F
_IOCCF                                               (abs)        000F15
_IOCCN                                               (abs)        000F16
_IOCCP                                               (abs)        000F17
_IOCEF                                               (abs)        000F22
_IOCEN                                               (abs)        000F23
_IOCEP                                               (abs)        000F24
_LATA                                                (abs)        000F82
_LATAbits                                            (abs)        000F82
_LATB                                                (abs)        000F83
_LATC                                                (abs)        000F84
_LATCbits                                            (abs)        000F84
_ODCONA                                              (abs)        000F0A
_ODCONB                                              (abs)        000F12
_ODCONC                                              (abs)        000F1A
_OSCCON1                                             (abs)        000ED3
_OSCCON3                                             (abs)        000ED5
_OSCEN                                               (abs)        000ED7
_OSCFRQ                                              (abs)        000ED9
_OSCTUNE                                             (abs)        000ED8
_PIE0bits                                            (abs)        000EBD
_PIE3bits                                            (abs)        000EC0
_PIN_MANAGER_IOC                                     text40       002022
_PIN_MANAGER_Initialize                              text2        0017DC
_PIR0bits                                            (abs)        000EC5
_PIR3bits                                            (abs)        000EC8
_ProcessDebugDataUART2                               text18       001180
_ProcessRadioDataUART1                               text14       0012EA
_RB1PPS                                              (abs)        000EEB
_RB4PPS                                              (abs)        000EEE
_RC1REG                                              (abs)        000F98
_RC1STA                                              (abs)        000F9C
_RC1STAbits                                          (abs)        000F9C
_RC2REG                                              (abs)        000E94
_RC2STA                                              (abs)        000E98
_RC2STAbits                                          (abs)        000E98
_RX1PPS                                              (abs)        000EB0
_RX2PPS                                              (abs)        000E88
_SLRCONA                                             (abs)        000F09
_SLRCONB                                             (abs)        000F11
_SLRCONC                                             (abs)        000F19
_SP1BRGH                                             (abs)        000F9B
_SP1BRGL                                             (abs)        000F9A
_SP2BRGH                                             (abs)        000E97
_SP2BRGL                                             (abs)        000E96
_SYSTEM_Initialize                                   text1        001F44
_TRISA                                               (abs)        000F87
_TRISB                                               (abs)        000F88
_TRISC                                               (abs)        000F89
_TX1REG                                              (abs)        000F99
_TX1STA                                              (abs)        000F9D
_TX1STAbits                                          (abs)        000F9D
_TX2REG                                              (abs)        000E95
_TX2STA                                              (abs)        000E99
_TX2STAbits                                          (abs)        000E99
_UART1                                               smallconst   000F01
_UART1_Check                                         text45       00200E
_UART1_sendString                                    text31       001B2E
_UART2                                               smallconst   000F49
_UART2_Check                                         text46       002014
_UART2_sendString                                    text27       001874
_WPUA                                                (abs)        000F0B
_WPUB                                                (abs)        000F13
_WPUC                                                (abs)        000F1B
_WPUE                                                (abs)        000F28
__HRAM                                               (abs)        000000
__H__absolute__                                      __absolute__ 000000
__Habs1                                              abs1         000000
__Hbank0                                             bank0        000000
__Hbank1                                             bank1        000000
__Hbank10                                            bank10       000000
__Hbank11                                            bank11       000000
__Hbank12                                            bank12       000000
__Hbank14                                            bank14       000000
__Hbank2                                             bank2        000000
__Hbank3                                             bank3        000000
__Hbank4                                             bank4        000000
__Hbank5                                             bank5        000000
__Hbank6                                             bank6        000000
__Hbank7                                             bank7        000000
__Hbank8                                             bank8        000000
__Hbank9                                             bank9        000000
__Hbigbss                                            bigbss       000000
__Hbigdata                                           bigdata      000000
__Hbigram                                            bigram       000000
__Hbigsfr                                            bigsfr       000000
__Hbss                                               bss          000000
__HbssBANK0                                          bssBANK0     000000
__HbssBANK1                                          bssBANK1     000000
__HbssBANK2                                          bssBANK2     000000
__HbssBANK3                                          bssBANK3     000000
__HbssBANK4                                          bssBANK4     000000
__HbssBANK5                                          bssBANK5     000000
__HbssCOMRAM                                         bssCOMRAM    000000
__Hcinit                                             cinit        000000
__Hclrtext                                           clrtext      000000
__Hcomram                                            comram       000000
__Hconfig                                            config       30000C
__Hconst                                             const        000000
__HcstackBANK0                                       cstackBANK0  000000
__HcstackCOMRAM                                      cstackCOMRAM 000000
__Hdata                                              data         000000
__Heeprom_data                                       eeprom_data  000000
__Hfarbss                                            farbss       000000
__Hfardata                                           fardata      000000
__Hheap                                              heap         000000
__Hibigdata                                          ibigdata     000000
__Hidata                                             idata        000000
__Hidloc                                             idloc        000000
__Hifardata                                          ifardata     000000
__Hinit                                              init         000164
__Hintcode                                           intcode      000160
__Hintcode_body                                      intcode_body 000000
__Hintcodelo                                         intcodelo    000160
__Hintentry                                          intentry     000000
__Hintret                                            intret       000000
__Hintsave_regs                                      intsave_regs 000000
__Hirdata                                            irdata       000000
__Hmediumconst                                       mediumconst  000000
__HnvBANK0                                           nvBANK0      000000
__HnvFARRAM                                          nvFARRAM     000000
__Hnvbit                                             nvbit        000000
__Hnvrram                                            nvrram       000000
__Hparam                                             rparam       000000
__Hpowerup                                           powerup      000160
__Hram                                               ram          000000
__Hramtop                                            ramtop       000F00
__Hrbit                                              rbit         000000
__Hrbss                                              rbss         000000
__Hrdata                                             rdata        000000
__Hreset_vec                                         reset_vec    000004
__Hrparam                                            rparam       000000
__Hsfr                                               sfr          000000
__Hsivt_hi                                           sivt_hi      000000
__Hsivt_lo                                           sivt_lo      000000
__Hsmallconst                                        smallconst   000FDC
__Hspace_0                                           (abs)        002028
__Hspace_1                                           (abs)        000600
__Hspace_2                                           (abs)        000000
__Hspace_4                                           (abs)        60000C
__Hstack                                             stack        000000
__Hstruct                                            struct       000000
__Htemp                                              temp         000055
__Htext                                              text         000000
__Htext0                                             text0        000000
__Htext1                                             text1        000000
__Htext10                                            text10       000000
__Htext11                                            text11       000000
__Htext12                                            text12       000000
__Htext13                                            text13       000000
__Htext14                                            text14       000000
__Htext15                                            text15       000000
__Htext16                                            text16       000000
__Htext17                                            text17       000000
__Htext18                                            text18       000000
__Htext19                                            text19       000000
__Htext2                                             text2        000000
__Htext20                                            text20       000000
__Htext21                                            text21       000000
__Htext22                                            text22       000000
__Htext23                                            text23       000000
__Htext24                                            text24       000000
__Htext25                                            text25       000000
__Htext26                                            text26       000000
__Htext27                                            text27       000000
__Htext28                                            text28       000000
__Htext29                                            text29       000000
__Htext3                                             text3        000000
__Htext30                                            text30       000000
__Htext31                                            text31       000000
__Htext32                                            text32       000000
__Htext33                                            text33       000000
__Htext34                                            text34       000000
__Htext35                                            text35       000000
__Htext36                                            text36       000000
__Htext37                                            text37       000000
__Htext38                                            text38       000000
__Htext4                                             text4        000000
__Htext40                                            text40       000000
__Htext41                                            text41       000000
__Htext42                                            text42       000000
__Htext43                                            text43       000000
__Htext44                                            text44       000000
__Htext45                                            text45       000000
__Htext46                                            text46       000000
__Htext47                                            text47       000000
__Htext48                                            text48       000000
__Htext49                                            text49       000000
__Htext5                                             text5        000000
__Htext50                                            text50       000000
__Htext6                                             text6        000000
__Htext7                                             text7        000000
__Htext8                                             text8        000000
__Htext9                                             text9        000000
__LRAM                                               (abs)        000001
__L__absolute__                                      __absolute__ 000000
__Labs1                                              abs1         000000
__Lbank0                                             bank0        000000
__Lbank1                                             bank1        000000
__Lbank10                                            bank10       000000
__Lbank11                                            bank11       000000
__Lbank12                                            bank12       000000
__Lbank14                                            bank14       000000
__Lbank2                                             bank2        000000
__Lbank3                                             bank3        000000
__Lbank4                                             bank4        000000
__Lbank5                                             bank5        000000
__Lbank6                                             bank6        000000
__Lbank7                                             bank7        000000
__Lbank8                                             bank8        000000
__Lbank9                                             bank9        000000
__Lbigbss                                            bigbss       000000
__Lbigdata                                           bigdata      000000
__Lbigram                                            bigram       000000
__Lbigsfr                                            bigsfr       000000
__Lbss                                               bss          000000
__LbssBANK0                                          bssBANK0     000000
__LbssBANK1                                          bssBANK1     000000
__LbssBANK2                                          bssBANK2     000000
__LbssBANK3                                          bssBANK3     000000
__LbssBANK4                                          bssBANK4     000000
__LbssBANK5                                          bssBANK5     000000
__LbssCOMRAM                                         bssCOMRAM    000000
__Lcinit                                             cinit        000000
__Lclrtext                                           clrtext      000000
__Lcomram                                            comram       000000
__Lconfig                                            config       000000
__Lconst                                             const        000000
__LcstackBANK0                                       cstackBANK0  000000
__LcstackCOMRAM                                      cstackCOMRAM 000000
__Ldata                                              data         000000
__Leeprom_data                                       eeprom_data  000000
__Lfarbss                                            farbss       000000
__Lfardata                                           fardata      000000
__Lheap                                              heap         000000
__Libigdata                                          ibigdata     000000
__Lidata                                             idata        000000
__Lidloc                                             idloc        000000
__Lifardata                                          ifardata     000000
__Linit                                              init         000160
__Lintcode                                           intcode      000008
__Lintcode_body                                      intcode_body 000000
__Lintcodelo                                         intcodelo    000160
__Lintentry                                          intentry     000000
__Lintret                                            intret       000000
__Lintsave_regs                                      intsave_regs 000000
__Lirdata                                            irdata       000000
__Lmediumconst                                       mediumconst  000000
__LnvBANK0                                           nvBANK0      000000
__LnvFARRAM                                          nvFARRAM     000000
__Lnvbit                                             nvbit        000000
__Lnvrram                                            nvrram       000000
__Lparam                                             rparam       000000
__Lpowerup                                           powerup      000160
__Lram                                               ram          000000
__Lramtop                                            ramtop       000F00
__Lrbit                                              rbit         000000
__Lrbss                                              rbss         000000
__Lrdata                                             rdata        000000
__Lreset_vec                                         reset_vec    000000
__Lrparam                                            rparam       000000
__Lsfr                                               sfr          000000
__Lsivt_hi                                           sivt_hi      000000
__Lsivt_lo                                           sivt_lo      000000
__Lsmallconst                                        smallconst   000F00
__Lspace_0                                           (abs)        000000
__Lspace_1                                           (abs)        000000
__Lspace_2                                           (abs)        000000
__Lspace_4                                           (abs)        000000
__Lstack                                             stack        000000
__Lstruct                                            struct       000000
__Ltemp                                              temp         000054
__Ltext                                              text         000000
__Ltext0                                             text0        000000
__Ltext1                                             text1        000000
__Ltext10                                            text10       000000
__Ltext11                                            text11       000000
__Ltext12                                            text12       000000
__Ltext13                                            text13       000000
__Ltext14                                            text14       000000
__Ltext15                                            text15       000000
__Ltext16                                            text16       000000
__Ltext17                                            text17       000000
__Ltext18                                            text18       000000
__Ltext19                                            text19       000000
__Ltext2                                             text2        000000
__Ltext20                                            text20       000000
__Ltext21                                            text21       000000
__Ltext22                                            text22       000000
__Ltext23                                            text23       000000
__Ltext24                                            text24       000000
__Ltext25                                            text25       000000
__Ltext26                                            text26       000000
__Ltext27                                            text27       000000
__Ltext28                                            text28       000000
__Ltext29                                            text29       000000
__Ltext3                                             text3        000000
__Ltext30                                            text30       000000
__Ltext31                                            text31       000000
__Ltext32                                            text32       000000
__Ltext33                                            text33       000000
__Ltext34                                            text34       000000
__Ltext35                                            text35       000000
__Ltext36                                            text36       000000
__Ltext37                                            text37       000000
__Ltext38                                            text38       000000
__Ltext4                                             text4        000000
__Ltext40                                            text40       000000
__Ltext41                                            text41       000000
__Ltext42                                            text42       000000
__Ltext43                                            text43       000000
__Ltext44                                            text44       000000
__Ltext45                                            text45       000000
__Ltext46                                            text46       000000
__Ltext47                                            text47       000000
__Ltext48                                            text48       000000
__Ltext49                                            text49       000000
__Ltext5                                             text5        000000
__Ltext50                                            text50       000000
__Ltext6                                             text6        000000
__Ltext7                                             text7        000000
__Ltext8                                             text8        000000
__Ltext9                                             text9        000000
__S0                                                 (abs)        002028
__S1                                                 (abs)        000600
__S4                                                 (abs)        000000
__S5                                                 (abs)        000000
___heap_hi                                           (abs)        000000
___heap_lo                                           (abs)        000000
___inthi_sp                                          stack        000000
___inthi_stack_hi                                    stack        000000
___inthi_stack_lo                                    stack        000000
___intlo_sp                                          stack        000000
___intlo_stack_hi                                    stack        000000
___intlo_stack_lo                                    stack        000000
___param_bank                                        (abs)        000000
___rparam_used                                       (abs)        000001
___sp                                                stack        000000
___stack_hi                                          stack        000000
___stack_lo                                          stack        000000
__accesstop                                          (abs)        000060
__activetblptr                                       (abs)        000003
__end_of_CLOCK_Initialize                            text13       001F44
__end_of_EUSART1_DefaultFramingErrorCallback         text49       002026
__end_of_EUSART1_DefaultOverrunErrorCallback         text47       002020
__end_of_EUSART1_FramingErrorCallbackRegister        text12       001EE8
__end_of_EUSART1_Initialize                          text10       00197E
__end_of_EUSART1_IsRxReady                           text17       001F70
__end_of_EUSART1_IsTxDone                            text34       001FDC
__end_of_EUSART1_IsTxReady                           text33       001FB2
__end_of_EUSART1_OverrunErrorCallbackRegister        text11       001EC6
__end_of_EUSART1_Read                                text16       001C24
__end_of_EUSART1_ReceiveISR                          text44       001648
__end_of_EUSART1_RxCompleteCallbackRegister          text37       001F0A
__end_of_EUSART1_TransmitISR                         text43       001E60
__end_of_EUSART1_Write                               text32       001D02
__end_of_EUSART2_DefaultFramingErrorCallback         text50       002028
__end_of_EUSART2_DefaultOverrunErrorCallback         text48       00200E
__end_of_EUSART2_FramingErrorCallbackRegister        text9        001EA4
__end_of_EUSART2_Initialize                          text7        0019FA
__end_of_EUSART2_IsRxReady                           text36       001FC8
__end_of_EUSART2_IsTxDone                            text30       001F9C
__end_of_EUSART2_IsTxReady                           text29       001F86
__end_of_EUSART2_OverrunErrorCallbackRegister        text8        001E82
__end_of_EUSART2_Read                                text35       001C72
__end_of_EUSART2_ReceiveISR                          text42       00152E
__end_of_EUSART2_RxCompleteCallbackRegister          text38       001F2C
__end_of_EUSART2_TransmitISR                         text41       001E2E
__end_of_EUSART2_Write                               text28       001CBA
__end_of_INT0_SetInterruptHandler                    text6        002006
__end_of_INT1_SetInterruptHandler                    text5        001FF8
__end_of_INT2_SetInterruptHandler                    text4        001FEA
__end_of_INTERRUPT_Initialize                        text3        001D48
__end_of_INTERRUPT_InterruptManager                  intcode      000160
__end_of_PIN_MANAGER_IOC                             text40       002024
__end_of_PIN_MANAGER_Initialize                      text2        001874
__end_of_ProcessDebugDataUART2                       text18       0012EA
__end_of_ProcessRadioDataUART1                       text14       001410
__end_of_SYSTEM_Initialize                           text1        001F5A
__end_of_UART1                                       smallconst   000F49
__end_of_UART1_Check                                 text45       002014
__end_of_UART1_sendString                            text31       001B86
__end_of_UART2                                       smallconst   000F91
__end_of_UART2_Check                                 text46       00201A
__end_of_UART2_sendString                            text27       0018FE
__end_of__initialization                             cinit        001A66
__end_of_fputc                                       text23       0017DC
__end_of_main                                        text0        001732
__end_of_memcpy                                      text26       001BD6
__end_of_memset                                      text25       001DFA
__end_of_putch                                       text24       002022
__end_of_sprintf                                     text20       001DC2
__end_of_strcat                                      text19       001AD6
__end_of_toggleLED                                   text15       001B2E
__end_of_vfpfcnvrt                                   text22       001180
__end_of_vfprintf                                    text21       001D8A
__initialization                                     cinit        0019FA
__mediumconst                                        mediumconst  000000
__pbssBANK0                                          bssBANK0     0000D2
__pbssBANK1                                          bssBANK1     000100
__pbssBANK2                                          bssBANK2     000200
__pbssBANK3                                          bssBANK3     000300
__pbssBANK4                                          bssBANK4     000400
__pbssBANK5                                          bssBANK5     000500
__pbssCOMRAM                                         bssCOMRAM    000001
__pcinit                                             cinit        0019FA
__pcstackBANK0                                       cstackBANK0  000060
__pcstackCOMRAM                                      cstackCOMRAM 000033
__pintcode                                           intcode      000008
__pnvBANK0                                           nvBANK0      0000F0
__psmallconst                                        smallconst   000F00
__ptext0                                             text0        001648
__ptext1                                             text1        001F44
__ptext10                                            text10       0018FE
__ptext11                                            text11       001EA4
__ptext12                                            text12       001EC6
__ptext13                                            text13       001F2C
__ptext14                                            text14       0012EA
__ptext15                                            text15       001AD6
__ptext16                                            text16       001BD6
__ptext17                                            text17       001F5A
__ptext18                                            text18       001180
__ptext19                                            text19       001A70
__ptext2                                             text2        0017DC
__ptext20                                            text20       001D8A
__ptext21                                            text21       001D48
__ptext22                                            text22       000FDC
__ptext23                                            text23       001732
__ptext24                                            text24       002020
__ptext25                                            text25       001DC2
__ptext26                                            text26       001B86
__ptext27                                            text27       001874
__ptext28                                            text28       001C72
__ptext29                                            text29       001F70
__ptext3                                             text3        001D02
__ptext30                                            text30       001F86
__ptext31                                            text31       001B2E
__ptext32                                            text32       001CBA
__ptext33                                            text33       001F9C
__ptext34                                            text34       001FC8
__ptext35                                            text35       001C24
__ptext36                                            text36       001FB2
__ptext37                                            text37       001EE8
__ptext38                                            text38       001F0A
__ptext4                                             text4        001FDC
__ptext40                                            text40       002022
__ptext41                                            text41       001DFA
__ptext42                                            text42       001410
__ptext43                                            text43       001E2E
__ptext44                                            text44       00152E
__ptext45                                            text45       00200E
__ptext46                                            text46       002014
__ptext47                                            text47       00201A
__ptext48                                            text48       002006
__ptext49                                            text49       002024
__ptext5                                             text5        001FEA
__ptext50                                            text50       002026
__ptext6                                             text6        001FF8
__ptext7                                             text7        00197E
__ptext8                                             text8        001E60
__ptext9                                             text9        001E82
__ramtop                                             ramtop       000F00
__smallconst                                         smallconst   000F00
_debug_Buffer                                        bssBANK1     000184
_debug_Msg                                           bssBANK1     000120
_eusart1RxBuffer                                     bssBANK5     000500
_eusart1RxCount                                      bssCOMRAM    000027
_eusart1RxHead                                       bssCOMRAM    000029
_eusart1RxLastError                                  bssBANK0     0000EC
_eusart1RxStatusBuffer                               bssBANK3     000300
_eusart1RxTail                                       bssCOMRAM    000028
_eusart1TxBuffer                                     bssBANK0     0000D2
_eusart1TxBufferRemaining                            bssCOMRAM    00002A
_eusart1TxHead                                       bssCOMRAM    00002C
_eusart1TxTail                                       bssCOMRAM    00002B
_eusart2RxBuffer                                     bssBANK5     000580
_eusart2RxCount                                      bssCOMRAM    00002D
_eusart2RxHead                                       bssCOMRAM    00002F
_eusart2RxLastError                                  bssCOMRAM    000022
_eusart2RxStatusBuffer                               bssBANK2     000200
_eusart2RxTail                                       bssCOMRAM    00002E
_eusart2TxBuffer                                     bssBANK0     0000DA
_eusart2TxBufferRemaining                            bssCOMRAM    000030
_eusart2TxHead                                       bssCOMRAM    000032
_eusart2TxTail                                       bssCOMRAM    000031
_flags                                               bssCOMRAM    000024
_fputc                                               text23       001732
_isDebugDataReceived                                 bssCOMRAM    000025
_isRadioDataRecieved                                 bssCOMRAM    000026
_main                                                text0        001648
_memcpy                                              text26       001B86
_memset                                              text25       001DC2
_prec                                                bssBANK0     0000EA
_putch                                               text24       002020
_radio_Buffer                                        bssBANK4     000464
_radio_Msg                                           bssBANK4     000400
_rxIndex_Radio                                       bssBANK0     0000EF
_rxIndex_UART2                                       bssBANK0     0000EE
_sprintf                                             text20       001D8A
_strcat                                              text19       001A70
_toggleLED                                           text15       001AD6
_vfpfcnvrt                                           text22       000FDC
_vfprintf                                            text21       001D48
_width                                               bssBANK0     0000E8
btemp                                                temp         000054
end_of_initialization                                cinit        001A66
fputc@c                                              cstackCOMRAM 00003B
fputc@fp                                             cstackCOMRAM 00003D
int$flags                                            temp         000054
intlevel0                                            text         000000
intlevel1                                            text         000000
intlevel2                                            text         000000
intlevel3                                            text         000000
isa$std                                              (abs)        000001
isa$xinst                                            (abs)        000000
memcpy@d                                             cstackCOMRAM 000042
memcpy@d1                                            cstackCOMRAM 00003B
memcpy@n                                             cstackCOMRAM 00003F
memcpy@s                                             cstackCOMRAM 000044
memcpy@s1                                            cstackCOMRAM 00003D
memcpy@tmp                                           cstackCOMRAM 000041
memset@c                                             cstackCOMRAM 00003D
memset@dest                                          cstackCOMRAM 00003B
memset@n                                             cstackCOMRAM 00003F
memset@p                                             cstackCOMRAM 000041
sprintf@ap                                           cstackBANK0  000060
sprintf@f                                            cstackBANK0  000061
sprintf@fmt                                          cstackCOMRAM 00004F
sprintf@s                                            cstackCOMRAM 00004E
stackhi                                              (abs)        000000
stacklo                                              (abs)        000000
start                                                init         000160
start_initialization                                 cinit        0019FA
strcat@dest                                          cstackCOMRAM 00003B
strcat@i                                             cstackCOMRAM 00003E
strcat@src                                           cstackCOMRAM 00003D
toggleLED@i                                          cstackCOMRAM 00003E
toggleLED@n                                          cstackCOMRAM 00003B
ttemp5                                               temp         000055
ttemp6                                               temp         000058
ttemp7                                               temp         00005C
vfpfcnvrt@ap                                         cstackCOMRAM 000045
vfpfcnvrt@cp_2046                                    cstackCOMRAM 000048
vfpfcnvrt@done                                       cstackCOMRAM 000047
vfpfcnvrt@fmt                                        cstackCOMRAM 000044
vfpfcnvrt@fp                                         cstackCOMRAM 000043
vfprintf@ap                                          cstackCOMRAM 00004C
vfprintf@cfmt                                        cstackCOMRAM 00004D
vfprintf@fmt                                         cstackCOMRAM 00004B
vfprintf@fp                                          cstackCOMRAM 00004A
wtemp8                                               temp         000055


MODULE INFORMATION

Module		Function		Class		Link	Load	Size
C:\Program Files\Microchip\xc8\v2.46\pic\sources\c99\common\nf_fputc.c
		_fputc         		CODE           	1732	0000	170

C:\Program Files\Microchip\xc8\v2.46\pic\sources\c99\common\nf_fputc.c estimated size: 170

C:\Program Files\Microchip\xc8\v2.46\pic\sources\c99\common\strcat.c
		_strcat        		CODE           	1A70	0000	102

C:\Program Files\Microchip\xc8\v2.46\pic\sources\c99\common\strcat.c estimated size: 102

mcc_generated_files/system/src/interrupt.c
		_INT0_SetInterruptHandler		CODE           	1FF8	0000	14
		_INT1_SetInterruptHandler		CODE           	1FEA	0000	14
		_INT2_SetInterruptHandler		CODE           	1FDC	0000	14
		_INTERRUPT_Initialize		CODE           	1D02	0000	70
		_INTERRUPT_InterruptManager		CODE           	0008	0000	344

mcc_generated_files/system/src/interrupt.c estimated size: 456

mcc_generated_files/uart/src/eusart2.c
		_EUSART2_Read  		CODE           	1C24	0000	78
		_EUSART2_IsTxDone		CODE           	1F86	0000	22
		_EUSART2_Write 		CODE           	1C72	0000	72
		_EUSART2_TransmitISR		CODE           	1DFA	0000	52
		_EUSART2_FramingErrorCallbackRegister		CODE           	1E82	0000	34
		_EUSART2_IsRxReady		CODE           	1FB2	0000	22
		_EUSART2_IsTxReady		CODE           	1F70	0000	22
		_EUSART2_OverrunErrorCallbackRegister		CODE           	1E60	0000	34
		_EUSART2_DefaultOverrunErrorCallback		CODE           	2006	0000	8
		_EUSART2_Initialize		CODE           	197E	0000	124
		_EUSART2_ReceiveISR		CODE           	1410	0000	286
		_EUSART2_RxCompleteCallbackRegister		CODE           	1F0A	0000	34
		_EUSART2_DefaultFramingErrorCallback		CODE           	2026	0000	2

mcc_generated_files/uart/src/eusart2.c estimated size: 790

C:\Program Files\Microchip\xc8\v2.46\pic\sources\c99\common\memset.c
		_memset        		CODE           	1DC2	0000	56

C:\Program Files\Microchip\xc8\v2.46\pic\sources\c99\common\memset.c estimated size: 56

C:\Program Files\Microchip\xc8\v2.46\pic\sources\c99\common\doprnt.c
		_vfpfcnvrt     		CODE           	0FDC	0000	420
		_vfprintf      		CODE           	1D48	0000	66

C:\Program Files\Microchip\xc8\v2.46\pic\sources\c99\common\doprnt.c estimated size: 486

C:\Program Files\Microchip\xc8\v2.46\pic\sources\c99\common\nf_sprintf.c
		_sprintf       		CODE           	1D8A	0000	56

C:\Program Files\Microchip\xc8\v2.46\pic\sources\c99\common\nf_sprintf.c estimated size: 56

mcc_generated_files/system/src/pins.c
		_PIN_MANAGER_Initialize		CODE           	17DC	0000	152
		_PIN_MANAGER_IOC		CODE           	2022	0000	2

mcc_generated_files/system/src/pins.c estimated size: 154

shared
		__initialization		CODE           	19FA	0000	108
		_UART1         		SMALLCONST     	0F01	0000	72
		_UART2         		SMALLCONST     	0F49	0000	72

shared estimated size: 252

C:\Program Files\Microchip\xc8\v2.46\pic\sources\c99\common\putch.c
		_putch         		CODE           	2020	0000	2

C:\Program Files\Microchip\xc8\v2.46\pic\sources\c99\common\putch.c estimated size: 2

C:\Program Files\Microchip\xc8\v2.46\pic\sources\c99\common\memcpy.c
		_memcpy        		CODE           	1B86	0000	80

C:\Program Files\Microchip\xc8\v2.46\pic\sources\c99\common\memcpy.c estimated size: 80

mcc_generated_files/system/src/clock.c
		_CLOCK_Initialize		CODE           	1F2C	0000	24

mcc_generated_files/system/src/clock.c estimated size: 24

main.c
		_ProcessRadioDataUART1		CODE           	12EA	0000	294
		_main          		CODE           	1648	0000	234
		_UART1_Check   		CODE           	200E	0000	6
		_ProcessDebugDataUART2		CODE           	1180	0000	362
		_UART1_sendString		CODE           	1B2E	0000	88
		_UART2_Check   		CODE           	2014	0000	6
		_toggleLED     		CODE           	1AD6	0000	88
		_UART2_sendString		CODE           	1874	0000	138

main.c estimated size: 1216

mcc_generated_files/uart/src/eusart1.c
		_EUSART1_Initialize		CODE           	18FE	0000	128
		_EUSART1_ReceiveISR		CODE           	152E	0000	282
		_EUSART1_RxCompleteCallbackRegister		CODE           	1EE8	0000	34
		_EUSART1_DefaultFramingErrorCallback		CODE           	2024	0000	2
		_EUSART1_Read  		CODE           	1BD6	0000	78
		_EUSART1_IsTxDone		CODE           	1FC8	0000	20
		_EUSART1_Write 		CODE           	1CBA	0000	72
		_EUSART1_TransmitISR		CODE           	1E2E	0000	50
		_EUSART1_FramingErrorCallbackRegister		CODE           	1EC6	0000	34
		_EUSART1_IsRxReady		CODE           	1F5A	0000	22
		_EUSART1_IsTxReady		CODE           	1F9C	0000	22
		_EUSART1_OverrunErrorCallbackRegister		CODE           	1EA4	0000	34
		_EUSART1_DefaultOverrunErrorCallback		CODE           	201A	0000	6

mcc_generated_files/uart/src/eusart1.c estimated size: 784

mcc_generated_files/system/src/system.c
		_SYSTEM_Initialize		CODE           	1F44	0000	22

mcc_generated_files/system/src/system.c estimated size: 22

